running server on port 3000
{
  job_id: 'test-job-1',
  job_banner: null,
  job_title: 'Senior Backend Engineer',
  company_id: 'test-company-1',
  company_name: 'Test Company Inc.',
  industry_id: null,
  industry_name: null,
  job_role_id: null,
  job_role_name: null,
  job_type_id: 1,
  job_type_name: 'Full time',
  job_level_id: null,
  job_level_name: null,
  job_description: 'We are looking for a backend engineer.',
  job_duties: 'Build APIs',
  work_setup_id: 2,
  work_setup_name: 'Remote',
  salary_minimum: '40000.00',
  salary_maximum: '60000.00',
  salary_currency: 'PHP',
  rate: null,
  job_address: null,
  created_at: 2026-06-21T04:44:13.220Z,
  updated_at: 2026-06-21T04:44:13.220Z,
  expiration_date: 2026-07-20T16:00:00.000Z,
  job_status_id: 2,
  job_city: 'Manila',
  job_category_id: null,
  job_category_name: null,
  job_country: 'Philippines',
  is_featured: false,
  company_city: 'Manila',
  company_country: 'Philippines',
  company_logo: 'https://placehold.co/100',
  company_details: 'A great place to work.',
  number_of_employee: 50
}
